// Jest Snapshot v1, https://goo.gl/fbAQLP

exports[`datePicker changes input state value 1`] = `
<ThemeProvider
  theme={
    Object {
      "palette": Object {
        "primary": "#f5f5f5",
        "secondary": "#2b4450",
        "tertiary": "#871111",
      },
      "spacing": Array [
        "0px",
        "4px",
        "8px",
        "16px",
        "32px",
        "64px",
      ],
    }
  }
>
  <div
    onKeyDown={[Function]}
  >
    <label
      aria-label="enter date in the following format"
      className="labelDatePicker-0-2-1"
      htmlFor="date-picker-input"
    >
      YYYY/MM/DD
    </label>
    <br />
    <button
      aria-label="select to open calendar"
      className="iconButton-0-2-3"
      onClick={[Function]}
      type="button"
    >
      <CalendarIcon />
    </button>
    <input
      aria-label="enter date in format YYYY/MM/DD"
      autoComplete="off"
      className="inputFieldDatePicker-0-2-2"
      id="date-picker-input"
      onChange={[Function]}
      type="text"
      value=""
    />
  </div>
  <div
    className="hiddenCalendar-0-2-6"
  >
    <MonthPicker
      clickedDate={
        Object {
          "date": 2,
          "month": 1,
          "year": 2020,
        }
      }
      currentDate={
        Object {
          "dates": 28,
          "month": 1,
          "year": 2021,
        }
      }
      setDateObject={[Function]}
    />
    <table
      className="calendarTableContainer-0-2-5"
      id="calendar-table"
      onKeyDown={[Function]}
      role="presentation"
    >
      <DaysHeading />
      <DatesOfMonth
        applicationMode={false}
        datesOfMonth={28}
        isClicked={
          Object {
            "buttonId": "button-2",
            "selected": true,
          }
        }
        month={1}
        setClickedDate={[Function]}
        setErrorMesage={[Function]}
        setIsClicked={[Function]}
        showCalendarHandler={[Function]}
        year={2021}
      />
    </table>
  </div>
</ThemeProvider>
`;
