// Jest Snapshot v1, https://goo.gl/fbAQLP

exports[`matches snapshot of DaysHeading 1`] = `
<thead
  role="presentation"
>
  <tr
    role="presentation"
  >
    <th
      key="0"
      role="presentation"
      scope="col"
    >
      <abbr
        aria-hidden="true"
        key="0"
        title="Sunday"
      >
        Sun
      </abbr>
    </th>
    <th
      key="1"
      role="presentation"
      scope="col"
    >
      <abbr
        aria-hidden="true"
        key="1"
        title="Monday"
      >
        Mon
      </abbr>
    </th>
    <th
      key="2"
      role="presentation"
      scope="col"
    >
      <abbr
        aria-hidden="true"
        key="2"
        title="Tueday"
      >
        Tue
      </abbr>
    </th>
    <th
      key="3"
      role="presentation"
      scope="col"
    >
      <abbr
        aria-hidden="true"
        key="3"
        title="Wednesday"
      >
        Wed
      </abbr>
    </th>
    <th
      key="4"
      role="presentation"
      scope="col"
    >
      <abbr
        aria-hidden="true"
        key="4"
        title="Thursday"
      >
        Thu
      </abbr>
    </th>
    <th
      key="5"
      role="presentation"
      scope="col"
    >
      <abbr
        aria-hidden="true"
        key="5"
        title="Friday"
      >
        Fri
      </abbr>
    </th>
    <th
      key="6"
      role="presentation"
      scope="col"
    >
      <abbr
        aria-hidden="true"
        key="6"
        title="Saturday"
      >
        Sat
      </abbr>
    </th>
  </tr>
</thead>
`;
